user-defined-literal 'u'_da _da character char 75
ERROR: ud_suffix does not start with _: 'u'da
invalid 'u'da
user-defined-literal "fsaf"_da _da string array of 5 char 6673616600
ERROR: invalid "dafa"da
t start with _: "dafa"da
eof
